// Jest Snapshot v1, https://goo.gl/fbAQLP

exports[`Test Regulatory Detail Content Part renders two text elements 1`] = `
<div>
  <div>
    <div class="row">
      <!---->
      <div class="col-md-8 col-8">
        <div class="v-card v-sheet theme--light"><span>Element 1</span></div>
      </div>
      <div class="col-md-4 col-4">
        <div class="v-card v-sheet theme--light"><span>SECOND Element 1</span></div>
      </div>
    </div>
    <!---->
  </div>
  <div>
    <div class="row">
      <!---->
      <div class="col-md-8 col-8">
        <div class="v-card v-sheet theme--light"><span>Element 2</span></div>
      </div>
      <div class="col-md-4 col-4">
        <div class="v-card v-sheet theme--light"><span>SECOND Element 2</span></div>
      </div>
    </div>
    <!---->
  </div>
</div>
`;
